// Jest Snapshot v1, https://goo.gl/fbAQLP

exports[`CBadge .vue renders correctly 1`] = `
<span
  class="badge badge-secondary"
/>
`;
