// Jest Snapshot v1, https://goo.gl/fbAQLP

exports[`CProgress .vue renders correctly 1`] = `
<div
  class="progress"
>
  <div
    aria-valuemax="100"
    aria-valuemin="0"
    aria-valuenow="50"
    class="progress-bar"
    role="progressbar"
    style="width: 50%; background-color: black;"
  >
    <!---->
  </div>
</div>
`;

exports[`CProgress .vue sets background color correctly 1`] = `
<div
  class="progress"
>
  <div
    aria-valuemax="100"
    aria-valuemin="0"
    aria-valuenow="50"
    class="progress-bar"
    role="progressbar"
    style="width: 50%; background-color: black;"
  >
    <!---->
  </div>
</div>
`;
