// Jest Snapshot v1, https://goo.gl/fbAQLP

exports[`CContainer renders correctly 1`] = `
<div
  class="c-container"
/>
`;

exports[`CContainer renders correctly 2`] = `
<div
  class="c-container-fluid"
>
  <template>
    CContainer content
  </template>
</div>
`;
