// Jest Snapshot v1, https://goo.gl/fbAQLP

exports[`CRow renders correctly 1`] = `
<div
  class="c-row"
/>
`;

exports[`CRow renders correctly 2`] = `
<div
  class="c-row c-no-gutters c-align-items-center c-justify-content-start"
>
  <template>
    CRow content
  </template>
</div>
`;
