// Jest Snapshot v1, https://goo.gl/fbAQLP

exports[`CTabContent renders correctly 1`] = `
<div>
  
</div>
`;
