// Jest Snapshot v1, https://goo.gl/fbAQLP

exports[`CCardGroup renders correctly 1`] = `
<p
  class="card-deck"
>
  <template>
    content goes here
  </template>
</p>
`;
