// Jest Snapshot v1, https://goo.gl/fbAQLP

exports[`CCardHeader renders correctly 1`] = `
<div
  class="card-header text-left bg-primary border-solid text-white"
>
  <template>
    content goes here
  </template>
</div>
`;
