// Jest Snapshot v1, https://goo.gl/fbAQLP

exports[`CCardFooter renders correctly 1`] = `
<footer
  class="c-card-footer c-text-left c-bg-primary c-border-solid c-text-white"
>
  <template>
    content goes here
  </template>
</footer>
`;
