// Jest Snapshot v1, https://goo.gl/fbAQLP

exports[`CSidebarFooter .vue renders correctly 1`] = `
<div
  class="sidebar-footer"
>
  test
</div>
`;
