// Jest Snapshot v1, https://goo.gl/fbAQLP

exports[`CSidebarMinimizer .vue renders correctly 1`] = `
<button
  class="sidebar-minimizer"
  type="button"
/>
`;
