// Jest Snapshot v1, https://goo.gl/fbAQLP

exports[`CSidebarNavDropdown .vue renders correctly 1`] = `
<li
  class="c-nav-item c-nav-dropdown"
>
  <div
    class="c-nav-link c-nav-dropdown-toggle"
  >
    <!---->
    
    
  
  </div>
   
  <ul
    class="c-nav-dropdown-items"
  />
</li>
`;
