// Jest Snapshot v1, https://goo.gl/fbAQLP

exports[`CButton renders correctly 1`] = `
<button
  class="c-btn c-btn-primary"
  type="button"
/>
`;
