// Jest Snapshot v1, https://goo.gl/fbAQLP

exports[`CCollapse renders correctly 1`] = `
<div
  class=""
  style="display: none;"
/>
`;

exports[`CCollapse renders correctly 2`] = `
<div
  class="c-navbar-collapse"
>
  CCollapse content
</div>
`;
