// Jest Snapshot v1, https://goo.gl/fbAQLP

exports[`CCardGroup renders correctly 1`] = `
<div
  class="c-card-deck"
>
  <template>
    content goes here
  </template>
</div>
`;
