// Jest Snapshot v1, https://goo.gl/fbAQLP

exports[`CNavbar renders correctly 1`] = `
<nav
  class="c-navbar c-navbar-dark"
/>
`;

exports[`CNavbar renders correctly 2`] = `
<div
  class="c-navbar c-navbar-light c-fixed-top c-navbar-expand-"
  fill="true"
  justified="true"
  pills="true"
  role="navigation"
  vertical="true"
>
  <template>
    CNavbar items
  </template>
</div>
`;
