// Jest Snapshot v1, https://goo.gl/fbAQLP

exports[`CForm renders correctly 1`] = `
<form
  class=""
/>
`;

exports[`CForm renders correctly 2`] = `
<form
  class="c-form-inline c-was-validated"
>
  <template>
    CForm content
  </template>
</form>
`;
