// Jest Snapshot v1, https://goo.gl/fbAQLP

exports[`HeaderDropdown .vue renders correctly 1`] = `
<div
  class="dropdown btn-group"
>
  <button
    aria-haspopup="true"
    class="btn btn-secondary dropdown-toggle"
    style="cursor: pointer;"
  >
    
      ‚ùî
    
  </button>
  <!---->
  <div
    class="dropdown-menu"
  >
     
    <div
      style="height: 200px;"
    >
      <span
        class="text-center"
      >
        dropdown
      </span>
    </div>
  </div>
</div>
`;
